// Jest Snapshot v1, https://goo.gl/fbAQLP

exports[`components/Editable Should render edition mode 1`] = `
<span>
  <styled.input
    onChange={[Function]}
    onKeyUp={[Function]}
    value="modified text"
  />
</span>
`;

exports[`components/Editable Should render view mode 1`] = `
<span
  onClick={[Function]}
>
  this is editable
</span>
`;
