// Jest Snapshot v1, https://goo.gl/fbAQLP

exports[`scenes/Weather/Weather/Icon Should render the correct icon for weather type clear 1`] = `<TiWeatherPartlySunny />`;

exports[`scenes/Weather/Weather/Icon Should render the correct icon for weather type clouds 1`] = `<TiWeatherCloudy />`;

exports[`scenes/Weather/Weather/Icon Should render the correct icon for weather type cool 1`] = `""`;

exports[`scenes/Weather/Weather/Icon Should render the correct icon for weather type fog 1`] = `<TiWaves />`;

exports[`scenes/Weather/Weather/Icon Should render the correct icon for weather type mist 1`] = `<TiWaves />`;

exports[`scenes/Weather/Weather/Icon Should render the correct icon for weather type rain 1`] = `<TiWeatherShower />`;

exports[`scenes/Weather/Weather/Icon Should render the correct icon for weather type snow 1`] = `<TiWeatherSnow />`;
