// Jest Snapshot v1, https://goo.gl/fbAQLP

exports[`scenes/Rss/Rss Should render a loader when the data is loading 1`] = `
<Flex(column)
  align="center"
  justify="flex-start"
>
  <Loader />
</Flex(column)>
`;

exports[`scenes/Rss/Rss Should render the feed otherwise 1`] = `
<Flex(column)
  align="center"
  justify="flex-start"
>
  <Styled(styled.div)>
    <styled.ul>
      <styled.li>
        <Apollo(Title) />
      </styled.li>
      <styled.li>
        <Flex(row)
          align="flex-start"
          justify="flex-start"
        >
          <styled.a
            flex={true}
            href="http://fizz.buzz"
            rel="noopener"
            target="_blank"
          >
            <span>
              Fizz! Buzz!
            </span>
            <styled.span>
              FizzBuzz Magazine
            </styled.span>
          </styled.a>
          <Styled(ExpandableMenu)
            renderItems={[Function]}
          />
        </Flex(row)>
      </styled.li>
      <styled.li>
        <Flex(row)
          align="flex-start"
          justify="flex-start"
        >
          <styled.a
            flex={true}
            href="http://foo.bar"
            rel="noopener"
            target="_blank"
          >
            <span>
              Foo! Bar!
            </span>
            <styled.span>
              FooBar Magazine
            </styled.span>
          </styled.a>
          <Styled(ExpandableMenu)
            renderItems={[Function]}
          />
        </Flex(row)>
      </styled.li>
    </styled.ul>
  </Styled(styled.div)>
</Flex(column)>
`;
