// Jest Snapshot v1, https://goo.gl/fbAQLP

exports[`scenes/Rss/Rss Should render a loader when the data is loading 1`] = `
<Col
  align="center"
>
  <Loader />
</Col>
`;

exports[`scenes/Rss/Rss Should render the feed otherwise 1`] = `
.c0 {
  display: -webkit-box;
  display: -webkit-flex;
  display: -ms-flexbox;
  display: flex;
}

.c1 {
  -webkit-flex: 0 0 90%;
  -ms-flex: 0 0 90%;
  flex: 0 0 90%;
}

.c1 + .c1 {
  margin-left: 12px;
  margin-right: 12px;
}

.c2 {
  display: block;
  text-decoration: none;
  color: inherit;
}

.c2 span {
  display: block;
}

.c3 {
  font-size: 80%;
  opacity: .54;
}

@media (min-width:860px) {
  .c0 {
    -webkit-flex-direction: column;
    -ms-flex-direction: column;
    flex-direction: column;
  }
}

@media (min-width:860px) {
  .c1 + .c1 {
    margin-left: 0;
    margin-right: 0;
    margin-top: 8px;
  }
}

<Col
  align="center"
>
  <ul
    className="c0"
  >
    <li
      className="c1"
    >
      <div
        className="card"
      >
        <div
          className="card-content"
        >
          <a
            className="c2"
            href="http://fizz.buzz"
            rel="noopener"
            target="_blank"
          >
            <span>
              Fizz! Buzz!
            </span>
            <span
              className="c3"
            >
              FizzBuzz Magazine
            </span>
          </a>
        </div>
      </div>
    </li>
    <li
      className="c1"
    >
      <div
        className="card"
      >
        <div
          className="card-content"
        >
          <a
            className="c2"
            href="http://foo.bar"
            rel="noopener"
            target="_blank"
          >
            <span>
              Foo! Bar!
            </span>
            <span
              className="c3"
            >
              FooBar Magazine
            </span>
          </a>
        </div>
      </div>
    </li>
  </ul>
</Col>
`;
