// Jest Snapshot v1, https://goo.gl/fbAQLP

exports[`scenes/HomeControl/Lights Should render a loader when the data is not fetched 1`] = `<Loader />`;

exports[`scenes/HomeControl/Lights Should render the list of lights otherwise 1`] = `
<styled.ul>
  <styled.li>
    <styled.div>
      <styled.div>
        <Apollo(Apollo(Switch))
          id="1"
          name="#1"
          status="on"
          type="switch"
        />
      </styled.div>
    </styled.div>
  </styled.li>
  <styled.li>
    <styled.div>
      <styled.div>
        <Apollo(Dimmer)
          id="2"
          name="#2"
          status="on"
          type="dimmer"
        />
      </styled.div>
    </styled.div>
  </styled.li>
  <styled.li>
    <styled.div>
      <styled.div>
        <Apollo(Apollo(Switch))
          id="3"
          name="#3"
          status="off"
          type="switch"
        />
      </styled.div>
    </styled.div>
  </styled.li>
</styled.ul>
`;
