// Jest Snapshot v1, https://goo.gl/fbAQLP

exports[`scenes/Lists/List/NewItem Should render correctly 1`] = `
.c0 {
  display: -webkit-box;
  display: -webkit-flex;
  display: -ms-flexbox;
  display: flex;
  background: #fff;
  border-top: 1px solid rgba(0,0,0,.15);
}

.c0 button {
  border: none;
  text-transform: uppercase;
  padding: 12px;
}

.c1 {
  box-sizing: border-box;
  outline: none;
  display: block;
  width: 100%;
  -webkit-flex: 1;
  -ms-flex: 1;
  flex: 1;
  font-size: inherit;
  font-family: inherit;
  border: none;
  background: none;
  padding: 12px 16px;
}

<form
  className="c0"
  onSubmit={[Function]}
>
  <input
    className="c1"
    onChange={[Function]}
    placeholder="What needs to be done?"
    value="This item will be added"
  />
  <button
    type="submit"
  >
    Add
  </button>
</form>
`;
