// Jest Snapshot v1, https://goo.gl/fbAQLP

exports[`scenes/Lists/NewList Should render correctly 1`] = `
.c0 {
  margin-top: 4px;
}

.c1 {
  box-sizing: border-box;
  display: block;
  width: 100%;
  border: none;
  font-size: inherit;
  font-family: inherit;
  padding: 8px 12px;
  outline: none;
}

<form
  className="c0"
  onSubmit={[Function]}
>
  <input
    className="c1"
    onChange={[Function]}
    placeholder="New list?"
    value="my new list!"
  />
</form>
`;
