// Jest Snapshot v1, https://goo.gl/fbAQLP

exports[`scnees/HomeControl/Lights/Dimmer Should render correctly 1`] = `
<Flex(column)
  align="center"
  justify="flex-start"
>
  <styled.div>
    <InputRange
      onChange={[Function]}
      value={33}
    />
  </styled.div>
  <styled.div>
    <Editable
      onChange={[Function]}
    >
      My light #2
    </Editable>
  </styled.div>
</Flex(column)>
`;
