// Jest Snapshot v1, https://goo.gl/fbAQLP

exports[`scenes/Lists/List Should render correctly 1`] = `
<styled.div>
  <styled.div>
    <Editable
      onChange={[Function]}
    >
      My todo list
    </Editable>
    <MdClear
      onClick={[Function]}
    />
  </styled.div>
  <ul>
    <Apollo(Apollo(ItemContainer))
      done={false}
      id={1}
      key="1"
      text="Item #1"
    />
    <Apollo(Apollo(ItemContainer))
      done={true}
      id={2}
      key="2"
      text="Item #2"
    />
    <Apollo(Apollo(ItemContainer))
      done={false}
      id={3}
      key="3"
      text="Item #3"
    />
  </ul>
  <Apollo(NewItemContainer)
    listId={4}
  />
</styled.div>
`;
