// Jest Snapshot v1, https://goo.gl/fbAQLP

exports[`scenes/Lists/List/NewItem Should render correctly 1`] = `
<styled.form
  onSubmit={[Function]}
>
  <styled.input
    onChange={[Function]}
    placeholder="Add something interesting..."
    value="This item will be added"
  />
  <button
    type="submit"
  >
    Add
  </button>
</styled.form>
`;
