// Jest Snapshot v1, https://goo.gl/fbAQLP

exports[`scenes/Lists Should render a list of Lists otherwise 1`] = `
<div>
  <Apollo(Apollo(Apollo(ListContainer)))
    id={1}
    name="List #1"
  />
  <Apollo(Apollo(Apollo(ListContainer)))
    id={2}
    name="List #2"
  />
  <Apollo(NewList) />
</div>
`;

exports[`scenes/Lists Should render a loader when the data is fetching 1`] = `
<div>
  <Loader />
</div>
`;
