// Jest Snapshot v1, https://goo.gl/fbAQLP

exports[`components/DynamicTheme/Settings Should render correctly 1`] = `
<Styled(styled.div)>
  <Styled(styled.div)>
    <styled.div>
      <ColorPicker
        onChange={[Function]}
        value="#000"
      />
      <span>
        background
      </span>
    </styled.div>
    <styled.div>
      <ColorPicker
        onChange={[Function]}
        value="#fff"
      />
      <span>
        text
      </span>
    </styled.div>
    <styled.div>
      <styled.button
        onClick={[Function]}
      >
        Reset theme
      </styled.button>
      <styled.button
        onClick={[Function]}
        primary={true}
      >
        Validate
      </styled.button>
    </styled.div>
  </Styled(styled.div)>
</Styled(styled.div)>
`;
