// Jest Snapshot v1, https://goo.gl/fbAQLP

exports[`scenes/Lists/List Should render correctly 1`] = `
<Styled(styled.div)>
  <styled.div>
    <span>
      My todo list
    </span>
    <MdClear
      onClick={[Function]}
    />
  </styled.div>
  <ul>
    <Apollo(Apollo(Item))
      done={false}
      id={1}
      text="Item #1"
    />
    <Apollo(Apollo(Item))
      done={true}
      id={2}
      text="Item #2"
    />
    <Apollo(Apollo(Item))
      done={false}
      id={3}
      text="Item #3"
    />
  </ul>
  <Apollo(NewItem)
    listId={4}
  />
</Styled(styled.div)>
`;

exports[`scenes/Lists/List Should render null when the data is loading 1`] = `null`;
